// Vitest Snapshot v1, https://vitest.dev/guide/snapshot.html

exports[`TableView > matches snapshot 1`] = `
<div>
  <table
    class="ptable"
  >
    <thead>
      <tr>
        <th
          aria-sort="ascending"
          scope="col"
        >
          <button
            class="th-sort"
            type="button"
          >
            Название
            <span
              class="arr"
            >
              ▲
            </span>
          </button>
        </th>
        <th
          aria-sort="none"
          scope="col"
        >
          <button
            class="th-sort"
            type="button"
          >
            Формат
            <span
              class="arr"
            />
          </button>
        </th>
        <th
          aria-sort="none"
          scope="col"
        >
          <button
            class="th-sort"
            type="button"
          >
            Категория
            <span
              class="arr"
            />
          </button>
        </th>
        <th
          aria-sort="none"
          scope="col"
        >
          <button
            class="th-sort"
            type="button"
          >
            Статус
            <span
              class="arr"
            />
          </button>
        </th>
        <th
          aria-sort="none"
          scope="col"
        >
          <button
            class="th-sort"
            type="button"
          >
            Возраст
            <span
              class="arr"
            />
          </button>
        </th>
        <th
          aria-sort="none"
          scope="col"
        >
          <button
            class="th-sort"
            type="button"
          >
            Цена от
            <span
              class="arr"
            />
          </button>
        </th>
      </tr>
    </thead>
    <tbody>
      <tr>
        <td>
          <a
            class="cell-name"
            href="/program/a"
          >
            <span
              class="accent-dot"
              style="background: rgb(0, 0, 0);"
            />
            Алиса
          </a>
        </td>
        <td>
          —
        </td>
        <td>
          —
        </td>
        <td>
          —
        </td>
        <td>
          —
        </td>
        <td
          class="num"
        >
          100 ₽
        </td>
      </tr>
      <tr>
        <td>
          <a
            class="cell-name"
            href="/program/b"
          >
            <span
              class="accent-dot"
              style="background: rgb(0, 0, 0);"
            />
            Беларусь
          </a>
        </td>
        <td>
          —
        </td>
        <td>
          —
        </td>
        <td>
          —
        </td>
        <td>
          —
        </td>
        <td
          class="num"
        >
          200 ₽
        </td>
      </tr>
    </tbody>
  </table>
</div>
`;
